
Memory Configuration

Name             Origin             Length             Attributes
FLASH            0x08000000         0x00010000         xr
SRAM             0x20000000         0x00005000         xrw
*default*        0x00000000         0xffffffff

Linker script and memory map

LOAD main.o
LOAD startup.o

.text           0x08000000      0x27c
 *(.isr_vector)
 .isr_vector    0x08000000      0x130 startup.o
                0x08000000                vector_table
 *(.text)
 .text          0x08000130       0xc0 main.o
                0x08000130                WWDG_Handler
                0x08000150                main
                0x080001b4                delay
 .text          0x080001f0       0x8c startup.o
                0x080001f0                FLASH_Handler
                0x080001f0                SVCall_Handler
                0x080001f0                HardFault_Handler
                0x080001f0                SysTick_Handler
                0x080001f0                USART3_Handler
                0x080001f0                DMA1_Channel7_Handler
                0x080001f0                PendSV_Handler
                0x080001f0                NMI_Handler
                0x080001f0                DMA1_Channel6_Handler
                0x080001f0                EXTI15_10_Handler
                0x080001f0                USBWakeup_Handler
                0x080001f0                DMA2_Channel1_Handler
                0x080001f0                I2C1_EV_Handler
                0x080001f0                ADC1_2_Handler
                0x080001f0                EXTI4_Handler
                0x080001f0                DMA1_Channel1_Handler
                0x080001f0                I2C1_ER_Handler
                0x080001f0                RTC_Handler
                0x080001f0                UsageFault_Handler
                0x080001f0                TIM1_CC_Handler
                0x080001f0                I2C2_ER_Handler
                0x080001f0                TIM8_CC_Handler
                0x080001f0                TIM8_BRK_Handler
                0x080001f0                USB_HP_CAN_TX_Handler
                0x080001f0                CAN_RX1_Handler
                0x080001f0                TIM1_BRK_Handler
                0x080001f0                FSMC_Handler
                0x080001f0                EXTI1_Handler
                0x080001f0                TIM1_TRG_COM_Handler
                0x080001f0                TIM8_TRG_COM_Handler
                0x080001f0                EXTI3_Handler
                0x080001f0                USB_LP_CAN_RX0_Handler
                0x080001f0                EXTI2_Handler
                0x080001f0                UART4_Handler
                0x080001f0                EXTI9_5_Handler
                0x080001f0                TIM2_Handler
                0x080001f0                USART1_Handler
                0x080001f0                DMA1_Channel4_Handler
                0x080001f0                TIM3_Handler
                0x080001f0                CAN_SCE_Handler
                0x080001f0                Default_Handler
                0x080001f0                DMA1_Channel3_Handler
                0x080001f0                TIM4_Handler
                0x080001f0                SPI2_Handler
                0x080001f0                DMA1_Channel2_Handler
                0x080001f0                MemManage_Handler
                0x080001f0                EXTI0_Handler
                0x080001f0                TIM1_UP_Handler
                0x080001f0                SDIO_Handler
                0x080001f0                TIM8_UP_Handler
                0x080001f0                DMA1_Channel5_Handler
                0x080001f0                USART2_Handler
                0x080001f0                DMA2_Channel4_5_Handler
                0x080001f0                SPI1_Handler
                0x080001f0                ADC3_Handler
                0x080001f0                I2C2_EV_Handler
                0x080001f0                SPI3_Handler
                0x080001f0                DMA2_Channel3_Handler
                0x080001f0                RCC_Handler
                0x080001f0                PVD_Handler
                0x080001f0                UART5_Handler
                0x080001f0                DMA2_Channel2_Handler
                0x080001f0                TIM5_Handler
                0x080001f0                TIM7_Handler
                0x080001f0                BusFault_Handler
                0x080001f0                TIM6_Handler
                0x080001f0                RTCAlarm_Handler
                0x080001f0                DebugMonitor_Handler
                0x080001f0                TAMPER_Handler
                0x080001f6                Reset_Handler
 *(.rodata)
                0x0800027c                . = ALIGN (0x4)
                0x0800027c                _etext = .

.glue_7         0x0800027c        0x0
 .glue_7        0x0800027c        0x0 linker stubs

.glue_7t        0x0800027c        0x0
 .glue_7t       0x0800027c        0x0 linker stubs

.vfp11_veneer   0x0800027c        0x0
 .vfp11_veneer  0x0800027c        0x0 linker stubs

.v4_bx          0x0800027c        0x0
 .v4_bx         0x0800027c        0x0 linker stubs

.iplt           0x0800027c        0x0
 .iplt          0x0800027c        0x0 main.o

.rel.dyn        0x0800027c        0x0
 .rel.iplt      0x0800027c        0x0 main.o

.data           0x20000000       0x10 load address 0x0800027c
                0x20000000                _ssram = .
 *(.data)
 .data          0x20000000       0x10 main.o
                0x20000000                rcccfgr
                0x20000004                rccapb
                0x20000008                gpioc
                0x2000000c                gpioodr
 .data          0x20000010        0x0 startup.o
                0x20000010                . = ALIGN (0x4)
                0x20000010                _esram = .

.igot.plt       0x20000010        0x0 load address 0x0800028c
 .igot.plt      0x20000010        0x0 main.o

.bss            0x20000010        0x0 load address 0x0800028c
                0x20000010                _ssram_bss = .
 *(.bss)
 .bss           0x20000010        0x0 main.o
 .bss           0x20000010        0x0 startup.o
                0x20000010                . = ALIGN (0x4)
                0x20000010                _esram_bss = .
OUTPUT(final.elf elf32-littlearm)
LOAD linker stubs

.comment        0x00000000       0x4d
 .comment       0x00000000       0x4d main.o
                                 0x4e (size before relaxing)
 .comment       0x0000004d       0x4e startup.o

.ARM.attributes
                0x00000000       0x2d
 .ARM.attributes
                0x00000000       0x2d main.o
 .ARM.attributes
                0x0000002d       0x2d startup.o
